[
  {
    "channel": null,
    "feed": null,
    "title": "Daawah TV",
    "url": "http://51.15.246.58:8081/daawahtv/daawahtv2/playlist.m3u8",
    "referrer": null,
    "user_agent": null
  },
  {
    "channel": null,
    "feed": null,
    "title": "Andorra TV",
    "url": "http://1111296894.rsc.cdn77.org/LS-ATL-54548-6/index2.m3u8",
    "referrer": "http://imn.iq",
    "user_agent": "Mozilla/5.0 (iPhone; CPU iPhone OS 12_2 like Mac OS X) AppleWebKit/605.1.15 (KHTML, like Gecko) Mobile/15E148"
  },
  {
    "channel": "AndorraTV.ad",
    "feed": "SD",
    "title": "ATV",
    "url": "https://iptv-all.lanesh4d0w.repl.co/andorra/atv|Referer=\"https://referer.xyz/\"|User-Agent=\"Mozilla/5.0 (iPhone; CPU iPhone OS 17_7 like Mac OS X) AppleWebKit/605.1.15 (KHTML, like Gecko) Version/18.0 Mobile/15E148 Safari/604.1\"|Origin=\"https://origin.xyz\"",
    "referrer": null,
    "user_agent": null
  },
  {
    "channel": "BBCNews.uk",
    "feed": "SD",
    "title": "BBC News HD",
    "url": "http://1111296894.rsc.cdn77.org/LS-ATL-54548-6/index.m3u8",
    "referrer": null,
    "user_agent": null
  },
  {
    "channel": "LDPRTV.ru",
    "feed": "SD",
    "title": "ЛДПР ТВ",
    "url": "http://46.46.143.222:1935/live/mp4:ldpr.stream/blocked.m3u8",
    "referrer": null,
    "user_agent": null
  },
  {
    "channel": "MeteoMedia.ca",
    "feed": "SD",
    "title": "Meteomedia",
    "url": "http://encodercdn1.frontline.ca/encoder181/output/Meteo_Media_720p/playlist.m3u8",
    "referrer": null,
    "user_agent": null
  },
  {
    "channel": "VisitXTV.nl",
    "feed": "SD",
    "title": "Visit-X TV",
    "url": "https://stream.visit-x.tv/vxtv/ngrp:live_all/30fps.m3u8",
    "referrer": null,
    "user_agent": null
  },
  {
    "channel": "Zoo.ad",
    "feed": "SD",
    "title": "Zoo",
    "url": "https://iptv-all.lanesh4d0w.repl.co/andorra/zoo",
    "referrer": null,
    "user_agent": null
  }
]